1774702603680	geckodriver	INFO	Listening on 127.0.0.1:57536
1774702606815	mozrunner::runner	INFO	Running command: "C:\\Users\\clems\\.cache\\selenium\\firefox\\win64\\149.0\\firefox.exe" "--marionette" "--headless" "--remo ... 7" "--remote-allow-hosts" "localhost" "-no-remote" "-profile" "C:\\Users\\clems\\AppData\\Local\\Temp\\rust_mozprofilexF7KI2"
*** You are running in headless mode.
Dynamically enable window occlusion 0
1774702608617	Marionette	INFO	Marionette enabled
1774702608889	Marionette	INFO	Listening on port 54352
WebDriver BiDi listening on ws://127.0.0.1:57537
Read port: 54352
1774702609096	RemoteAgent	WARN	TLS certificate errors will be ignored for this session
[GFX1-]: RenderCompositorSWGL failed mapping default framebuffer, no dt
console.error: [Exception... "Component returned failure code: 0x80070057 (NS_ERROR_ILLEGAL_VALUE) [nsIWinTaskbar.getTaskbarProgress]"  nsresult: "0x80070057 (NS_ERROR_ILLEGAL_VALUE)"  location: "JS frame :: moz-src:///browser/components/downloads/DownloadsTaskbar.sys.mjs :: #windowsAttachIndicator :: line 183"  data: no]
console.error: (new TypeError("can't access property \"find\", this._searchProviderInfo is null", "moz-src:///browser/components/search/SearchSERPTelemetry.sys.mjs", 1206))
console.log: "RemoteSettingsWorker error: UnknownError: IndexedDB:   The operation failed for reasons unrelated to the database itself and not covered by any other error code."
console.error: "Experiment visual-card-updates has unknown featureId: newtabRefinedCardsLayout"
1774702650574	Marionette	INFO	Stopped listening on port 54352
Dynamically enable window occlusion 1
console.error: Translations: "Failed to run language detection." (new AbortError("Actor 'Translations' destroyed before query 'Translations:GetDocumentElementLang' was resolved", (void 0)))
console.warn: TopSitesFeed: Failed to fetch data from MARS server: NetworkError when attempting to fetch resource.
console.warn: services.settings: main/hijack-blocklists sync interrupted by shutdown
console.warn: services.settings: main/anti-tracking-url-decoration sync interrupted by shutdown
console.warn: services.settings: main/sites-classification sync interrupted by shutdown
JavaScript error: resource://services-settings/IDBHelpers.sys.mjs, line 16: Error: IndexedDB: security-state/cert-revocations importChanges() IndexedDB:  execute() The application is shutting down
[GFX1-]: VideoBridgeParent receives IPC close with reason=AbnormalShutdown
