1774703362742	geckodriver	INFO	Listening on 127.0.0.1:53106
1774703365933	mozrunner::runner	INFO	Running command: "C:\\Users\\clems\\.cache\\selenium\\firefox\\win64\\149.0\\firefox.exe" "--marionette" "--headless" "--remo ... 7" "--remote-allow-hosts" "localhost" "-no-remote" "-profile" "C:\\Users\\clems\\AppData\\Local\\Temp\\rust_mozprofileVouiuW"
*** You are running in headless mode.
Dynamically enable window occlusion 0
1774703367698	Marionette	INFO	Marionette enabled
1774703367972	Marionette	INFO	Listening on port 53114
Read port: 53114
WebDriver BiDi listening on ws://127.0.0.1:53107
1774703368141	RemoteAgent	WARN	TLS certificate errors will be ignored for this session
[GFX1-]: RenderCompositorSWGL failed mapping default framebuffer, no dt
console.error: [Exception... "Component returned failure code: 0x80070057 (NS_ERROR_ILLEGAL_VALUE) [nsIWinTaskbar.getTaskbarProgress]"  nsresult: "0x80070057 (NS_ERROR_ILLEGAL_VALUE)"  location: "JS frame :: moz-src:///browser/components/downloads/DownloadsTaskbar.sys.mjs :: #windowsAttachIndicator :: line 183"  data: no]
console.error: "Experiment visual-card-updates has unknown featureId: newtabRefinedCardsLayout"
JavaScript error: resource://gre/actors/FormHandlerChild.sys.mjs, line 103: InvalidStateError: JSWindowActorChild.document getter: Cannot access property 'document' after actor 'FormHandler' has been destroyed
console.warn: LoginRecipes: "Falling back to a synchronous message for: https://www.demoblaze.com."
console.warn: LoginRecipes: "Falling back to a synchronous message for: https://www.demoblaze.com."
console.warn: LoginRecipes: "Falling back to a synchronous message for: https://www.demoblaze.com."
JavaScript error: resource://gre/actors/FormHandlerChild.sys.mjs, line 103: InvalidStateError: JSWindowActorChild.document getter: Cannot access property 'document' after actor 'FormHandler' has been destroyed
JavaScript error: resource://gre/actors/FormHandlerChild.sys.mjs, line 103: InvalidStateError: JSWindowActorChild.document getter: Cannot access property 'document' after actor 'FormHandler' has been destroyed
console.warn: LoginRecipes: "Falling back to a synchronous message for: https://www.demoblaze.com."
console.warn: LoginRecipes: "Falling back to a synchronous message for: https://www.demoblaze.com."
console.warn: LoginRecipes: "Falling back to a synchronous message for: https://www.demoblaze.com."
JavaScript error: resource://gre/actors/FormHandlerChild.sys.mjs, line 103: InvalidStateError: JSWindowActorChild.document getter: Cannot access property 'document' after actor 'FormHandler' has been destroyed
JavaScript error: resource://gre/actors/FormHandlerChild.sys.mjs, line 103: InvalidStateError: JSWindowActorChild.document getter: Cannot access property 'document' after actor 'FormHandler' has been destroyed
JavaScript error: resource://gre/actors/FormHandlerChild.sys.mjs, line 103: InvalidStateError: JSWindowActorChild.document getter: Cannot access property 'document' after actor 'FormHandler' has been destroyed
1774703532069	Marionette	INFO	Stopped listening on port 53114
Dynamically enable window occlusion 1
JavaScript warning: https://www.demoblaze.com/node_modules/videojs-contrib-hls/dist/videojs-contrib-hls.min.js, line 3: Script terminated by timeout at:
value@https://www.demoblaze.com/node_modules/videojs-contrib-hls/dist/videojs-contrib-hls.min.js:3:2337

console.warn: TopSitesFeed: Failed to fetch data from MARS server: NetworkError when attempting to fetch resource.
console.error: Translations: "Failed to run language detection." (new AbortError("Actor 'Translations' destroyed before query 'Translations:GetDocumentElementLang' was resolved", (void 0)))
[GFX1-]: VideoBridgeParent receives IPC close with reason=AbnormalShutdown
