1765400874469	geckodriver	INFO	Listening on 127.0.0.1:59993
1765400877526	mozrunner::runner	INFO	Running command: "C:\\Users\\clems\\.cache\\selenium\\firefox\\win64\\146.0\\firefox.exe" "--marionette" "--headless" "--remo ... 4" "--remote-allow-hosts" "localhost" "-no-remote" "-profile" "C:\\Users\\clems\\AppData\\Local\\Temp\\rust_mozprofileqRD7pe"
*** You are running in headless mode.
console.warn: services.settings: Ignoring preference override of remote settings server
console.warn: services.settings: Allow by setting MOZ_REMOTE_SETTINGS_DEVTOOLS=1 in the environment
Dynamically enable window occlusion 0
1765400878228	Marionette	INFO	Marionette enabled
1765400878382	Marionette	INFO	Listening on port 63623
WebDriver BiDi listening on ws://127.0.0.1:59994
Read port: 63623
1765400878596	RemoteAgent	WARN	TLS certificate errors will be ignored for this session
[GFX1-]: RenderCompositorSWGL failed mapping default framebuffer, no dt
console.error: [Exception... "Component returned failure code: 0x80070057 (NS_ERROR_ILLEGAL_VALUE) [nsIWinTaskbar.getTaskbarProgress]"  nsresult: "0x80070057 (NS_ERROR_ILLEGAL_VALUE)"  location: "JS frame :: moz-src:///browser/components/downloads/DownloadsTaskbar.sys.mjs :: #windowsAttachIndicator :: line 183"  data: no]
JavaScript error: resource://gre/actors/FormHandlerChild.sys.mjs, line 103: InvalidStateError: JSWindowActorChild.document getter: Cannot access property 'document' after actor 'FormHandler' has been destroyed
1765400952951	Marionette	INFO	Stopped listening on port 63623
Dynamically enable window occlusion 1
console.error: (new TypeError("NetworkError when attempting to fetch resource.", ""))
console.error: (new Error("OHTTP was configured for https://ads.mozilla.org/v1/delete_user but we couldn't fetch a valid config", "moz-src:///browser/modules/ContextId.sys.mjs", 234))
console.error: "Failed to fetch https://spocs.getpocket.com/user:" "NetworkError when attempting to fetch resource."
console.warn: TopSitesFeed: Failed to fetch data from MARS server: NetworkError when attempting to fetch resource.
JavaScript error: resource://gre/modules/ObliviousHTTP.sys.mjs, line 117: NS_ERROR_XPC_CANT_CONVERT_PRIMITIVE_TO_ARRAY: Cannot convert primitive JavaScript value into an array arg 2 [nsIObliviousHttpService.newChannel]
[GFX1-]: VideoBridgeParent receives IPC close with reason=AbnormalShutdown
