1765456141415	geckodriver	INFO	Listening on 127.0.0.1:52676
1765456144462	mozrunner::runner	INFO	Running command: "C:\\Users\\clems\\.cache\\selenium\\firefox\\win64\\146.0\\firefox.exe" "--marionette" "--headless" "--remo ... 7" "--remote-allow-hosts" "localhost" "-no-remote" "-profile" "C:\\Users\\clems\\AppData\\Local\\Temp\\rust_mozprofilevgGl5U"
*** You are running in headless mode.
console.warn: services.settings: Ignoring preference override of remote settings server
console.warn: services.settings: Allow by setting MOZ_REMOTE_SETTINGS_DEVTOOLS=1 in the environment
Dynamically enable window occlusion 0
1765456145197	Marionette	INFO	Marionette enabled
1765456145347	Marionette	INFO	Listening on port 52684
WebDriver BiDi listening on ws://127.0.0.1:52677
Read port: 52684
1765456145453	RemoteAgent	WARN	TLS certificate errors will be ignored for this session
[GFX1-]: RenderCompositorSWGL failed mapping default framebuffer, no dt
console.error: [Exception... "Component returned failure code: 0x80070057 (NS_ERROR_ILLEGAL_VALUE) [nsIWinTaskbar.getTaskbarProgress]"  nsresult: "0x80070057 (NS_ERROR_ILLEGAL_VALUE)"  location: "JS frame :: moz-src:///browser/components/downloads/DownloadsTaskbar.sys.mjs :: #windowsAttachIndicator :: line 183"  data: no]
1765456180925	Marionette	INFO	Stopped listening on port 52684
Dynamically enable window occlusion 1
console.error: "Failed to fetch https://spocs.getpocket.com/user:" "NetworkError when attempting to fetch resource."
console.error: (new TypeError("NetworkError when attempting to fetch resource.", ""))
console.error: (new Error("OHTTP was configured for https://ads.mozilla.org/v1/delete_user but we couldn't fetch a valid config", "moz-src:///browser/modules/ContextId.sys.mjs", 234))
console.warn: TopSitesFeed: Failed to fetch data from MARS server: NetworkError when attempting to fetch resource.
JavaScript error: resource://gre/modules/ObliviousHTTP.sys.mjs, line 117: NS_ERROR_XPC_CANT_CONVERT_PRIMITIVE_TO_ARRAY: Cannot convert primitive JavaScript value into an array arg 2 [nsIObliviousHttpService.newChannel]
console.warn: services.settings: main/password-recipes sync interrupted by shutdown
console.warn: services.settings: main/language-dictionaries sync interrupted by shutdown
console.warn: services.settings: main/devtools-devices sync interrupted by shutdown
console.warn: services.settings: main/doh-providers sync interrupted by shutdown
console.error: (new AbortError("IndexedDB: main/rally-studies-v1 getLastModified() IndexedDB:  execute() A request was aborted, for example through a call to IDBTransaction.abort.", "resource://services-settings/IDBHelpers.sys.mjs", 16))
[GFX1-]: VideoBridgeParent receives IPC close with reason=AbnormalShutdown
