1765401406160	geckodriver	INFO	Listening on 127.0.0.1:52319
1765401409295	mozrunner::runner	INFO	Running command: "C:\\Users\\clems\\.cache\\selenium\\firefox\\win64\\146.0\\firefox.exe" "--marionette" "--headless" "--remo ... 0" "--remote-allow-hosts" "localhost" "-no-remote" "-profile" "C:\\Users\\clems\\AppData\\Local\\Temp\\rust_mozprofilex8uR1T"
*** You are running in headless mode.
console.warn: services.settings: Ignoring preference override of remote settings server
console.warn: services.settings: Allow by setting MOZ_REMOTE_SETTINGS_DEVTOOLS=1 in the environment
Dynamically enable window occlusion 0
1765401413650	Marionette	INFO	Marionette enabled
1765401414367	Marionette	INFO	Listening on port 52327
Read port: 52327
WebDriver BiDi listening on ws://127.0.0.1:52320
1765401414842	RemoteAgent	WARN	TLS certificate errors will be ignored for this session
[GFX1-]: RenderCompositorSWGL failed mapping default framebuffer, no dt
console.error: [Exception... "Component returned failure code: 0x80070057 (NS_ERROR_ILLEGAL_VALUE) [nsIWinTaskbar.getTaskbarProgress]"  nsresult: "0x80070057 (NS_ERROR_ILLEGAL_VALUE)"  location: "JS frame :: moz-src:///browser/components/downloads/DownloadsTaskbar.sys.mjs :: #windowsAttachIndicator :: line 183"  data: no]
JavaScript error: resource://gre/actors/FormHandlerChild.sys.mjs, line 103: InvalidStateError: JSWindowActorChild.document getter: Cannot access property 'document' after actor 'FormHandler' has been destroyed
JavaScript error: , line 0: NotFoundError: Could not move `C:\Users\clems\AppData\Local\Temp\rust_mozprofilex8uR1T\bookmarkbackups\bookmarks-2025-12-11.jsonlz4' to `C:\Users\clems\AppData\Local\Temp\rust_mozprofilex8uR1T\bookmarkbackups\bookmarks-2025-12-11_10_Kc6QUuG_Fx_bVDLUg4Ek012EZkUqGgKJNU6RfhqZLJ8=.jsonlz4': source file does not exist (NS_ERROR_FILE_NOT_FOUND)
console.error: (new NetworkError("Network error: TypeError: NetworkError: Network request failed", "resource://services-settings/RemoteSettingsClient.sys.mjs", 92))
1765454967220	Marionette	INFO	Stopped listening on port 52327
Dynamically enable window occlusion 1
console.error: (new TypeError("NetworkError when attempting to fetch resource.", ""))
console.error: (new Error("OHTTP was configured for https://ads.mozilla.org/v1/delete_user but we couldn't fetch a valid config", "moz-src:///browser/modules/ContextId.sys.mjs", 234))
console.error: "Failed to fetch https://spocs.getpocket.com/user:" "NetworkError when attempting to fetch resource."
console.warn: TopSitesFeed: Failed to fetch data from MARS server: NetworkError when attempting to fetch resource.
JavaScript error: resource://gre/modules/ObliviousHTTP.sys.mjs, line 117: NS_ERROR_XPC_CANT_CONVERT_PRIMITIVE_TO_ARRAY: Cannot convert primitive JavaScript value into an array arg 2 [nsIObliviousHttpService.newChannel]
[GFX1-]: VideoBridgeParent receives IPC close with reason=AbnormalShutdown
